[  720494ms] [INFO] %cDownload the React DevTools for a better development experience: https://reactjs.org/link/react-devtools font-weight:bold @ http://localhost:4001/admin/node_modules/.vite/deps/chunk-B56I3BKX.js?v=890df5c1:21608
[  720828ms] [WARNING] ⚠️ React Router Future Flag Warning: React Router will begin wrapping state updates in `React.startTransition` in v7. You can use the `v7_startTransition` future flag to opt-in early. For more information, see https://reactrouter.com/v6/upgrading/future#v7_starttransition. @ http://localhost:4001/admin/node_modules/.vite/deps/chunk-LKRMPCH7.js?v=890df5c1:4416
[  720829ms] [WARNING] ⚠️ React Router Future Flag Warning: Relative route resolution within Splat routes is changing in v7. You can use the `v7_relativeSplatPath` future flag to opt-in early. For more information, see https://reactrouter.com/v6/upgrading/future#v7_relativesplatpath. @ http://localhost:4001/admin/node_modules/.vite/deps/chunk-LKRMPCH7.js?v=890df5c1:4416
[  722417ms] [INFO] %cDownload the React DevTools for a better development experience: https://reactjs.org/link/react-devtools font-weight:bold @ http://localhost:4001/admin/node_modules/.vite/deps/chunk-B56I3BKX.js?v=890df5c1:21608
[  722623ms] [WARNING] ⚠️ React Router Future Flag Warning: React Router will begin wrapping state updates in `React.startTransition` in v7. You can use the `v7_startTransition` future flag to opt-in early. For more information, see https://reactrouter.com/v6/upgrading/future#v7_starttransition. @ http://localhost:4001/admin/node_modules/.vite/deps/chunk-LKRMPCH7.js?v=890df5c1:4416
[  722623ms] [WARNING] ⚠️ React Router Future Flag Warning: Relative route resolution within Splat routes is changing in v7. You can use the `v7_relativeSplatPath` future flag to opt-in early. For more information, see https://reactrouter.com/v6/upgrading/future#v7_relativesplatpath. @ http://localhost:4001/admin/node_modules/.vite/deps/chunk-LKRMPCH7.js?v=890df5c1:4416
[  723340ms] [INFO] %cDownload the React DevTools for a better development experience: https://reactjs.org/link/react-devtools font-weight:bold @ http://localhost:4001/admin/node_modules/.vite/deps/chunk-B56I3BKX.js?v=890df5c1:21608
[  723463ms] [WARNING] ⚠️ React Router Future Flag Warning: React Router will begin wrapping state updates in `React.startTransition` in v7. You can use the `v7_startTransition` future flag to opt-in early. For more information, see https://reactrouter.com/v6/upgrading/future#v7_starttransition. @ http://localhost:4001/admin/node_modules/.vite/deps/chunk-LKRMPCH7.js?v=890df5c1:4416
[  723463ms] [WARNING] ⚠️ React Router Future Flag Warning: Relative route resolution within Splat routes is changing in v7. You can use the `v7_relativeSplatPath` future flag to opt-in early. For more information, see https://reactrouter.com/v6/upgrading/future#v7_relativesplatpath. @ http://localhost:4001/admin/node_modules/.vite/deps/chunk-LKRMPCH7.js?v=890df5c1:4416
[  729648ms] [LOG] [vite] server connection lost. Polling for restart... @ http://localhost:4001/admin/@vite/client:963
[  729649ms] [ERROR] WebSocket connection to 'ws://localhost:4001/admin/' failed: Error in connection establishment: net::ERR_CONNECTION_REFUSED @ http://localhost:4001/admin/@vite/client:1034
[  730650ms] [ERROR] WebSocket connection to 'ws://localhost:4001/admin/' failed: Error in connection establishment: net::ERR_CONNECTION_REFUSED @ http://localhost:4001/admin/@vite/client:1034
[  731651ms] [ERROR] WebSocket connection to 'ws://localhost:4001/admin/' failed: Error in connection establishment: net::ERR_CONNECTION_REFUSED @ http://localhost:4001/admin/@vite/client:1034
[  732652ms] [ERROR] WebSocket connection to 'ws://localhost:4001/admin/' failed: Error in connection establishment: net::ERR_CONNECTION_REFUSED @ http://localhost:4001/admin/@vite/client:1034
[  733653ms] [ERROR] WebSocket connection to 'ws://localhost:4001/admin/' failed: Error in connection establishment: net::ERR_CONNECTION_REFUSED @ http://localhost:4001/admin/@vite/client:1034
[  734654ms] [ERROR] WebSocket connection to 'ws://localhost:4001/admin/' failed: Error in connection establishment: net::ERR_CONNECTION_REFUSED @ http://localhost:4001/admin/@vite/client:1034
[  735655ms] [ERROR] WebSocket connection to 'ws://localhost:4001/admin/' failed: Error in connection establishment: net::ERR_CONNECTION_REFUSED @ http://localhost:4001/admin/@vite/client:1034
[  736656ms] [ERROR] WebSocket connection to 'ws://localhost:4001/admin/' failed: Error in connection establishment: net::ERR_CONNECTION_REFUSED @ http://localhost:4001/admin/@vite/client:1034
[  737657ms] [ERROR] WebSocket connection to 'ws://localhost:4001/admin/' failed: Error in connection establishment: net::ERR_CONNECTION_REFUSED @ http://localhost:4001/admin/@vite/client:1034
[  738658ms] [ERROR] WebSocket connection to 'ws://localhost:4001/admin/' failed: Error in connection establishment: net::ERR_CONNECTION_REFUSED @ http://localhost:4001/admin/@vite/client:1034
[  739659ms] [ERROR] WebSocket connection to 'ws://localhost:4001/admin/' failed: Error in connection establishment: net::ERR_CONNECTION_REFUSED @ http://localhost:4001/admin/@vite/client:1034
[  740660ms] [ERROR] WebSocket connection to 'ws://localhost:4001/admin/' failed: Error in connection establishment: net::ERR_CONNECTION_REFUSED @ http://localhost:4001/admin/@vite/client:1034
[  741661ms] [ERROR] WebSocket connection to 'ws://localhost:4001/admin/' failed: Error in connection establishment: net::ERR_CONNECTION_REFUSED @ http://localhost:4001/admin/@vite/client:1034
[  742662ms] [ERROR] WebSocket connection to 'ws://localhost:4001/admin/' failed: Error in connection establishment: net::ERR_CONNECTION_REFUSED @ http://localhost:4001/admin/@vite/client:1034
[  743663ms] [ERROR] WebSocket connection to 'ws://localhost:4001/admin/' failed: Error in connection establishment: net::ERR_CONNECTION_REFUSED @ http://localhost:4001/admin/@vite/client:1034
[  744664ms] [ERROR] WebSocket connection to 'ws://localhost:4001/admin/' failed: Error in connection establishment: net::ERR_CONNECTION_REFUSED @ http://localhost:4001/admin/@vite/client:1034
[  745666ms] [ERROR] WebSocket connection to 'ws://localhost:4001/admin/' failed: Error in connection establishment: net::ERR_CONNECTION_REFUSED @ http://localhost:4001/admin/@vite/client:1034
[  746668ms] [ERROR] WebSocket connection to 'ws://localhost:4001/admin/' failed: Error in connection establishment: net::ERR_CONNECTION_REFUSED @ http://localhost:4001/admin/@vite/client:1034
[  747671ms] [ERROR] WebSocket connection to 'ws://localhost:4001/admin/' failed: Error in connection establishment: net::ERR_CONNECTION_REFUSED @ http://localhost:4001/admin/@vite/client:1034
[  748671ms] [ERROR] WebSocket connection to 'ws://localhost:4001/admin/' failed: Error in connection establishment: net::ERR_CONNECTION_REFUSED @ http://localhost:4001/admin/@vite/client:1034
[  749675ms] [ERROR] WebSocket connection to 'ws://localhost:4001/admin/' failed: Error in connection establishment: net::ERR_CONNECTION_REFUSED @ http://localhost:4001/admin/@vite/client:1034
[  750679ms] [ERROR] WebSocket connection to 'ws://localhost:4001/admin/' failed: Error in connection establishment: net::ERR_CONNECTION_REFUSED @ http://localhost:4001/admin/@vite/client:1034
[  751683ms] [ERROR] WebSocket connection to 'ws://localhost:4001/admin/' failed: Error in connection establishment: net::ERR_CONNECTION_REFUSED @ http://localhost:4001/admin/@vite/client:1034
[  752685ms] [ERROR] WebSocket connection to 'ws://localhost:4001/admin/' failed: Error in connection establishment: net::ERR_CONNECTION_REFUSED @ http://localhost:4001/admin/@vite/client:1034
[  753688ms] [ERROR] WebSocket connection to 'ws://localhost:4001/admin/' failed: Error in connection establishment: net::ERR_CONNECTION_REFUSED @ http://localhost:4001/admin/@vite/client:1034
[  754696ms] [ERROR] WebSocket connection to 'ws://localhost:4001/admin/' failed: Error in connection establishment: net::ERR_CONNECTION_REFUSED @ http://localhost:4001/admin/@vite/client:1034
[  755704ms] [ERROR] WebSocket connection to 'ws://localhost:4001/admin/' failed: Error in connection establishment: net::ERR_CONNECTION_REFUSED @ http://localhost:4001/admin/@vite/client:1034
[  756713ms] [ERROR] WebSocket connection to 'ws://localhost:4001/admin/' failed: Error in connection establishment: net::ERR_CONNECTION_REFUSED @ http://localhost:4001/admin/@vite/client:1034
[  757720ms] [ERROR] WebSocket connection to 'ws://localhost:4001/admin/' failed: Error in connection establishment: net::ERR_CONNECTION_REFUSED @ http://localhost:4001/admin/@vite/client:1034
[  758737ms] [ERROR] WebSocket connection to 'ws://localhost:4001/admin/' failed: Error in connection establishment: net::ERR_CONNECTION_REFUSED @ http://localhost:4001/admin/@vite/client:1034
[  759748ms] [ERROR] WebSocket connection to 'ws://localhost:4001/admin/' failed: Error in connection establishment: net::ERR_CONNECTION_REFUSED @ http://localhost:4001/admin/@vite/client:1034
[  760765ms] [ERROR] WebSocket connection to 'ws://localhost:4001/admin/' failed: Error in connection establishment: net::ERR_CONNECTION_REFUSED @ http://localhost:4001/admin/@vite/client:1034
[  761795ms] [ERROR] WebSocket connection to 'ws://localhost:4001/admin/' failed: Error in connection establishment: net::ERR_CONNECTION_REFUSED @ http://localhost:4001/admin/@vite/client:1034
[  762817ms] [ERROR] WebSocket connection to 'ws://localhost:4001/admin/' failed: Error in connection establishment: net::ERR_CONNECTION_REFUSED @ http://localhost:4001/admin/@vite/client:1034
[  763846ms] [ERROR] WebSocket connection to 'ws://localhost:4001/admin/' failed: Error in connection establishment: net::ERR_CONNECTION_REFUSED @ http://localhost:4001/admin/@vite/client:1034
[  764870ms] [ERROR] WebSocket connection to 'ws://localhost:4001/admin/' failed: Error in connection establishment: net::ERR_CONNECTION_REFUSED @ http://localhost:4001/admin/@vite/client:1034
[  765932ms] [ERROR] WebSocket connection to 'ws://localhost:4001/admin/' failed: Error in connection establishment: net::ERR_CONNECTION_REFUSED @ http://localhost:4001/admin/@vite/client:1034
[  766974ms] [ERROR] WebSocket connection to 'ws://localhost:4001/admin/' failed: Error in connection establishment: net::ERR_CONNECTION_REFUSED @ http://localhost:4001/admin/@vite/client:1034
[  768033ms] [ERROR] WebSocket connection to 'ws://localhost:4001/admin/' failed: Error in connection establishment: net::ERR_CONNECTION_REFUSED @ http://localhost:4001/admin/@vite/client:1034
[  769104ms] [ERROR] WebSocket connection to 'ws://localhost:4001/admin/' failed: Error in connection establishment: net::ERR_CONNECTION_REFUSED @ http://localhost:4001/admin/@vite/client:1034
[  770164ms] [ERROR] WebSocket connection to 'ws://localhost:4001/admin/' failed: Error in connection establishment: net::ERR_CONNECTION_REFUSED @ http://localhost:4001/admin/@vite/client:1034
[  771296ms] [ERROR] WebSocket connection to 'ws://localhost:4001/admin/' failed: Error in connection establishment: net::ERR_CONNECTION_REFUSED @ http://localhost:4001/admin/@vite/client:1034
[  772355ms] [ERROR] WebSocket connection to 'ws://localhost:4001/admin/' failed: Error in connection establishment: net::ERR_CONNECTION_REFUSED @ http://localhost:4001/admin/@vite/client:1034
[  773471ms] [ERROR] WebSocket connection to 'ws://localhost:4001/admin/' failed: Error in connection establishment: net::ERR_CONNECTION_REFUSED @ http://localhost:4001/admin/@vite/client:1034
[  774575ms] [ERROR] WebSocket connection to 'ws://localhost:4001/admin/' failed: Error in connection establishment: net::ERR_CONNECTION_REFUSED @ http://localhost:4001/admin/@vite/client:1034
[  775746ms] [ERROR] WebSocket connection to 'ws://localhost:4001/admin/' failed: Error in connection establishment: net::ERR_CONNECTION_REFUSED @ http://localhost:4001/admin/@vite/client:1034
[  776921ms] [ERROR] WebSocket connection to 'ws://localhost:4001/admin/' failed: Error in connection establishment: net::ERR_CONNECTION_REFUSED @ http://localhost:4001/admin/@vite/client:1034
[  778004ms] [ERROR] WebSocket connection to 'ws://localhost:4001/admin/' failed: Error in connection establishment: net::ERR_CONNECTION_REFUSED @ http://localhost:4001/admin/@vite/client:1034
[  779306ms] [ERROR] WebSocket connection to 'ws://localhost:4001/admin/' failed: Error in connection establishment: net::ERR_CONNECTION_REFUSED @ http://localhost:4001/admin/@vite/client:1034
[  780472ms] [ERROR] WebSocket connection to 'ws://localhost:4001/admin/' failed: Error in connection establishment: net::ERR_CONNECTION_REFUSED @ http://localhost:4001/admin/@vite/client:1034
[  781974ms] [ERROR] WebSocket connection to 'ws://localhost:4001/admin/' failed: Error in connection establishment: net::ERR_CONNECTION_REFUSED @ http://localhost:4001/admin/@vite/client:1034
[  783366ms] [ERROR] WebSocket connection to 'ws://localhost:4001/admin/' failed: Error in connection establishment: net::ERR_CONNECTION_REFUSED @ http://localhost:4001/admin/@vite/client:1034
[  784639ms] [ERROR] WebSocket connection to 'ws://localhost:4001/admin/' failed: Error in connection establishment: net::ERR_CONNECTION_REFUSED @ http://localhost:4001/admin/@vite/client:1034
[  786760ms] [ERROR] WebSocket connection to 'ws://localhost:4001/admin/' failed: Error in connection establishment: net::ERR_CONNECTION_REFUSED @ http://localhost:4001/admin/@vite/client:1034
[  788771ms] [ERROR] WebSocket connection to 'ws://localhost:4001/admin/' failed: Error in connection establishment: net::ERR_CONNECTION_REFUSED @ http://localhost:4001/admin/@vite/client:1034
[  790466ms] [ERROR] WebSocket connection to 'ws://localhost:4001/admin/' failed: Error in connection establishment: net::ERR_CONNECTION_REFUSED @ http://localhost:4001/admin/@vite/client:1034
[  800193ms] [INFO] %cDownload the React DevTools for a better development experience: https://reactjs.org/link/react-devtools font-weight:bold @ http://localhost:4001/admin/node_modules/.vite/deps/chunk-B56I3BKX.js?v=e465bdf5:21608
[  800579ms] [WARNING] ⚠️ React Router Future Flag Warning: React Router will begin wrapping state updates in `React.startTransition` in v7. You can use the `v7_startTransition` future flag to opt-in early. For more information, see https://reactrouter.com/v6/upgrading/future#v7_starttransition. @ http://localhost:4001/admin/node_modules/.vite/deps/chunk-LKRMPCH7.js?v=e465bdf5:4416
[  800579ms] [WARNING] ⚠️ React Router Future Flag Warning: Relative route resolution within Splat routes is changing in v7. You can use the `v7_relativeSplatPath` future flag to opt-in early. For more information, see https://reactrouter.com/v6/upgrading/future#v7_relativesplatpath. @ http://localhost:4001/admin/node_modules/.vite/deps/chunk-LKRMPCH7.js?v=e465bdf5:4416
