[   45786ms] [LOG] [vite] server connection lost. Polling for restart... @ http://localhost:4001/admin/@vite/client:963
[   45787ms] [ERROR] WebSocket connection to 'ws://localhost:4001/admin/' failed: Error in connection establishment: net::ERR_CONNECTION_REFUSED @ http://localhost:4001/admin/@vite/client:1034
[   46788ms] [ERROR] WebSocket connection to 'ws://localhost:4001/admin/' failed: Error in connection establishment: net::ERR_CONNECTION_REFUSED @ http://localhost:4001/admin/@vite/client:1034
[   47789ms] [ERROR] WebSocket connection to 'ws://localhost:4001/admin/' failed: Error in connection establishment: net::ERR_CONNECTION_REFUSED @ http://localhost:4001/admin/@vite/client:1034
[   48790ms] [ERROR] WebSocket connection to 'ws://localhost:4001/admin/' failed: Error in connection establishment: net::ERR_CONNECTION_REFUSED @ http://localhost:4001/admin/@vite/client:1034
[   49791ms] [ERROR] WebSocket connection to 'ws://localhost:4001/admin/' failed: Error in connection establishment: net::ERR_CONNECTION_REFUSED @ http://localhost:4001/admin/@vite/client:1034
[   50792ms] [ERROR] WebSocket connection to 'ws://localhost:4001/admin/' failed: Error in connection establishment: net::ERR_CONNECTION_REFUSED @ http://localhost:4001/admin/@vite/client:1034
[   51794ms] [ERROR] WebSocket connection to 'ws://localhost:4001/admin/' failed: Error in connection establishment: net::ERR_CONNECTION_REFUSED @ http://localhost:4001/admin/@vite/client:1034
[   52796ms] [ERROR] WebSocket connection to 'ws://localhost:4001/admin/' failed: Error in connection establishment: net::ERR_CONNECTION_REFUSED @ http://localhost:4001/admin/@vite/client:1034
[   53798ms] [ERROR] WebSocket connection to 'ws://localhost:4001/admin/' failed: Error in connection establishment: net::ERR_CONNECTION_REFUSED @ http://localhost:4001/admin/@vite/client:1034
[   54800ms] [ERROR] WebSocket connection to 'ws://localhost:4001/admin/' failed: Error in connection establishment: net::ERR_CONNECTION_REFUSED @ http://localhost:4001/admin/@vite/client:1034
[   55805ms] [ERROR] WebSocket connection to 'ws://localhost:4001/admin/' failed: Error in connection establishment: net::ERR_CONNECTION_REFUSED @ http://localhost:4001/admin/@vite/client:1034
[   56808ms] [ERROR] WebSocket connection to 'ws://localhost:4001/admin/' failed: Error in connection establishment: net::ERR_CONNECTION_REFUSED @ http://localhost:4001/admin/@vite/client:1034
[   57816ms] [ERROR] WebSocket connection to 'ws://localhost:4001/admin/' failed: Error in connection establishment: net::ERR_CONNECTION_REFUSED @ http://localhost:4001/admin/@vite/client:1034
[   58823ms] [ERROR] WebSocket connection to 'ws://localhost:4001/admin/' failed: Error in connection establishment: net::ERR_CONNECTION_REFUSED @ http://localhost:4001/admin/@vite/client:1034
[   59831ms] [ERROR] WebSocket connection to 'ws://localhost:4001/admin/' failed: Error in connection establishment: net::ERR_CONNECTION_REFUSED @ http://localhost:4001/admin/@vite/client:1034
[   60847ms] [ERROR] WebSocket connection to 'ws://localhost:4001/admin/' failed: Error in connection establishment: net::ERR_CONNECTION_REFUSED @ http://localhost:4001/admin/@vite/client:1034
[   61865ms] [ERROR] WebSocket connection to 'ws://localhost:4001/admin/' failed: Error in connection establishment: net::ERR_CONNECTION_REFUSED @ http://localhost:4001/admin/@vite/client:1034
[   62885ms] [ERROR] WebSocket connection to 'ws://localhost:4001/admin/' failed: Error in connection establishment: net::ERR_CONNECTION_REFUSED @ http://localhost:4001/admin/@vite/client:1034
[   63931ms] [ERROR] WebSocket connection to 'ws://localhost:4001/admin/' failed: Error in connection establishment: net::ERR_CONNECTION_REFUSED @ http://localhost:4001/admin/@vite/client:1034
[   64986ms] [ERROR] WebSocket connection to 'ws://localhost:4001/admin/' failed: Error in connection establishment: net::ERR_CONNECTION_REFUSED @ http://localhost:4001/admin/@vite/client:1034
[   74064ms] [INFO] %cDownload the React DevTools for a better development experience: https://reactjs.org/link/react-devtools font-weight:bold @ http://localhost:4001/admin/node_modules/.vite/deps/chunk-B56I3BKX.js?v=f9118e3d:21608
[   74421ms] [WARNING] ⚠️ React Router Future Flag Warning: React Router will begin wrapping state updates in `React.startTransition` in v7. You can use the `v7_startTransition` future flag to opt-in early. For more information, see https://reactrouter.com/v6/upgrading/future#v7_starttransition. @ http://localhost:4001/admin/node_modules/.vite/deps/chunk-LKRMPCH7.js?v=f9118e3d:4416
[   74422ms] [WARNING] ⚠️ React Router Future Flag Warning: Relative route resolution within Splat routes is changing in v7. You can use the `v7_relativeSplatPath` future flag to opt-in early. For more information, see https://reactrouter.com/v6/upgrading/future#v7_relativesplatpath. @ http://localhost:4001/admin/node_modules/.vite/deps/chunk-LKRMPCH7.js?v=f9118e3d:4416
