[     295ms] [INFO] %cDownload the React DevTools for a better development experience: https://reactjs.org/link/react-devtools font-weight:bold @ http://localhost:4001/admin/node_modules/.vite/deps/chunk-B56I3BKX.js?v=b574c930:21608
[     685ms] [ERROR] Failed to load resource: the server responded with a status of 404 (Not Found) @ http://localhost:4321/favicon.ico:0
[   57042ms] [WARNING] ⚠️ React Router Future Flag Warning: React Router will begin wrapping state updates in `React.startTransition` in v7. You can use the `v7_startTransition` future flag to opt-in early. For more information, see https://reactrouter.com/v6/upgrading/future#v7_starttransition. @ http://localhost:4001/admin/node_modules/.vite/deps/chunk-LKRMPCH7.js?v=b574c930:4416
[   57043ms] [WARNING] ⚠️ React Router Future Flag Warning: Relative route resolution within Splat routes is changing in v7. You can use the `v7_relativeSplatPath` future flag to opt-in early. For more information, see https://reactrouter.com/v6/upgrading/future#v7_relativesplatpath. @ http://localhost:4001/admin/node_modules/.vite/deps/chunk-LKRMPCH7.js?v=b574c930:4416
[  120162ms] [LOG] [vite] server connection lost. Polling for restart... @ http://localhost:4001/admin/@vite/client:963
[  120163ms] [ERROR] WebSocket connection to 'ws://localhost:4001/admin/' failed: Error in connection establishment: net::ERR_CONNECTION_REFUSED @ http://localhost:4001/admin/@vite/client:1034
[  121164ms] [ERROR] WebSocket connection to 'ws://localhost:4001/admin/' failed: Error in connection establishment: net::ERR_CONNECTION_REFUSED @ http://localhost:4001/admin/@vite/client:1034
[  122165ms] [ERROR] WebSocket connection to 'ws://localhost:4001/admin/' failed: Error in connection establishment: net::ERR_CONNECTION_REFUSED @ http://localhost:4001/admin/@vite/client:1034
[  123166ms] [ERROR] WebSocket connection to 'ws://localhost:4001/admin/' failed: Error in connection establishment: net::ERR_CONNECTION_REFUSED @ http://localhost:4001/admin/@vite/client:1034
[  124167ms] [ERROR] WebSocket connection to 'ws://localhost:4001/admin/' failed: Error in connection establishment: net::ERR_CONNECTION_REFUSED @ http://localhost:4001/admin/@vite/client:1034
[  125168ms] [ERROR] WebSocket connection to 'ws://localhost:4001/admin/' failed: Error in connection establishment: net::ERR_CONNECTION_REFUSED @ http://localhost:4001/admin/@vite/client:1034
[  126169ms] [ERROR] WebSocket connection to 'ws://localhost:4001/admin/' failed: Error in connection establishment: net::ERR_CONNECTION_REFUSED @ http://localhost:4001/admin/@vite/client:1034
[  127171ms] [ERROR] WebSocket connection to 'ws://localhost:4001/admin/' failed: Error in connection establishment: net::ERR_CONNECTION_REFUSED @ http://localhost:4001/admin/@vite/client:1034
[  128173ms] [ERROR] WebSocket connection to 'ws://localhost:4001/admin/' failed: Error in connection establishment: net::ERR_CONNECTION_REFUSED @ http://localhost:4001/admin/@vite/client:1034
[  129174ms] [ERROR] WebSocket connection to 'ws://localhost:4001/admin/' failed: Error in connection establishment: net::ERR_CONNECTION_REFUSED @ http://localhost:4001/admin/@vite/client:1034
[  130179ms] [ERROR] WebSocket connection to 'ws://localhost:4001/admin/' failed: Error in connection establishment: net::ERR_CONNECTION_REFUSED @ http://localhost:4001/admin/@vite/client:1034
[  131183ms] [ERROR] WebSocket connection to 'ws://localhost:4001/admin/' failed: Error in connection establishment: net::ERR_CONNECTION_REFUSED @ http://localhost:4001/admin/@vite/client:1034
[  132192ms] [ERROR] WebSocket connection to 'ws://localhost:4001/admin/' failed: Error in connection establishment: net::ERR_CONNECTION_REFUSED @ http://localhost:4001/admin/@vite/client:1034
[  133200ms] [ERROR] WebSocket connection to 'ws://localhost:4001/admin/' failed: Error in connection establishment: net::ERR_CONNECTION_REFUSED @ http://localhost:4001/admin/@vite/client:1034
[  134205ms] [ERROR] WebSocket connection to 'ws://localhost:4001/admin/' failed: Error in connection establishment: net::ERR_CONNECTION_REFUSED @ http://localhost:4001/admin/@vite/client:1034
[  135211ms] [ERROR] WebSocket connection to 'ws://localhost:4001/admin/' failed: Error in connection establishment: net::ERR_CONNECTION_REFUSED @ http://localhost:4001/admin/@vite/client:1034
[  136241ms] [ERROR] WebSocket connection to 'ws://localhost:4001/admin/' failed: Error in connection establishment: net::ERR_CONNECTION_REFUSED @ http://localhost:4001/admin/@vite/client:1034
[  137261ms] [ERROR] WebSocket connection to 'ws://localhost:4001/admin/' failed: Error in connection establishment: net::ERR_CONNECTION_REFUSED @ http://localhost:4001/admin/@vite/client:1034
[  138310ms] [ERROR] WebSocket connection to 'ws://localhost:4001/admin/' failed: Error in connection establishment: net::ERR_CONNECTION_REFUSED @ http://localhost:4001/admin/@vite/client:1034
[  139328ms] [ERROR] WebSocket connection to 'ws://localhost:4001/admin/' failed: Error in connection establishment: net::ERR_CONNECTION_REFUSED @ http://localhost:4001/admin/@vite/client:1034
[  140420ms] [ERROR] WebSocket connection to 'ws://localhost:4001/admin/' failed: Error in connection establishment: net::ERR_CONNECTION_REFUSED @ http://localhost:4001/admin/@vite/client:1034
[  141560ms] [ERROR] WebSocket connection to 'ws://localhost:4001/admin/' failed: Error in connection establishment: net::ERR_CONNECTION_REFUSED @ http://localhost:4001/admin/@vite/client:1034
[  142803ms] [ERROR] WebSocket connection to 'ws://localhost:4001/admin/' failed: Error in connection establishment: net::ERR_CONNECTION_REFUSED @ http://localhost:4001/admin/@vite/client:1034
[  143946ms] [ERROR] WebSocket connection to 'ws://localhost:4001/admin/' failed: Error in connection establishment: net::ERR_CONNECTION_REFUSED @ http://localhost:4001/admin/@vite/client:1034
[  145150ms] [ERROR] WebSocket connection to 'ws://localhost:4001/admin/' failed: Error in connection establishment: net::ERR_CONNECTION_REFUSED @ http://localhost:4001/admin/@vite/client:1034
[  146387ms] [ERROR] WebSocket connection to 'ws://localhost:4001/admin/' failed: Error in connection establishment: net::ERR_CONNECTION_REFUSED @ http://localhost:4001/admin/@vite/client:1034
[  148115ms] [ERROR] WebSocket connection to 'ws://localhost:4001/admin/' failed: Error in connection establishment: net::ERR_CONNECTION_REFUSED @ http://localhost:4001/admin/@vite/client:1034
[  149828ms] [ERROR] WebSocket connection to 'ws://localhost:4001/admin/' failed: Error in connection establishment: net::ERR_CONNECTION_REFUSED @ http://localhost:4001/admin/@vite/client:1034
[  152934ms] [ERROR] WebSocket connection to 'ws://localhost:4001/admin/' failed: Error in connection establishment: net::ERR_CONNECTION_REFUSED @ http://localhost:4001/admin/@vite/client:1034
[  154519ms] [ERROR] WebSocket connection to 'ws://localhost:4001/admin/' failed: Error in connection establishment: net::ERR_CONNECTION_REFUSED @ http://localhost:4001/admin/@vite/client:1034
[  157018ms] [ERROR] WebSocket connection to 'ws://localhost:4001/admin/' failed: Error in connection establishment: net::ERR_CONNECTION_REFUSED @ http://localhost:4001/admin/@vite/client:1034
[  159616ms] [ERROR] WebSocket connection to 'ws://localhost:4001/admin/' failed: Error in connection establishment: net::ERR_CONNECTION_REFUSED @ http://localhost:4001/admin/@vite/client:1034
[  161783ms] [ERROR] WebSocket connection to 'ws://localhost:4001/admin/' failed: Error in connection establishment: net::ERR_CONNECTION_REFUSED @ http://localhost:4001/admin/@vite/client:1034
[  165376ms] [ERROR] WebSocket connection to 'ws://localhost:4001/admin/' failed: Error in connection establishment: net::ERR_CONNECTION_REFUSED @ http://localhost:4001/admin/@vite/client:1034
[  170573ms] [ERROR] WebSocket connection to 'ws://localhost:4001/admin/' failed: Error in connection establishment: net::ERR_CONNECTION_REFUSED @ http://localhost:4001/admin/@vite/client:1034
[  176203ms] [ERROR] WebSocket connection to 'ws://localhost:4001/admin/' failed: Error in connection establishment: net::ERR_CONNECTION_REFUSED @ http://localhost:4001/admin/@vite/client:1034
[  181206ms] [ERROR] WebSocket connection to 'ws://localhost:4001/admin/' failed: Error in connection establishment: net::ERR_CONNECTION_REFUSED @ http://localhost:4001/admin/@vite/client:1034
[  183782ms] [ERROR] WebSocket connection to 'ws://localhost:4001/admin/' failed: Error in connection establishment: net::ERR_CONNECTION_REFUSED @ http://localhost:4001/admin/@vite/client:1034
[  187320ms] [ERROR] WebSocket connection to 'ws://localhost:4001/admin/' failed: Error in connection establishment: net::ERR_CONNECTION_REFUSED @ http://localhost:4001/admin/@vite/client:1034
[  190007ms] [ERROR] WebSocket connection to 'ws://localhost:4001/admin/' failed: Error in connection establishment: net::ERR_CONNECTION_REFUSED @ http://localhost:4001/admin/@vite/client:1034
[  194027ms] [ERROR] WebSocket connection to 'ws://localhost:4001/admin/' failed: Error in connection establishment: net::ERR_CONNECTION_REFUSED @ http://localhost:4001/admin/@vite/client:1034
[  197605ms] [ERROR] WebSocket connection to 'ws://localhost:4001/admin/' failed: Error in connection establishment: net::ERR_CONNECTION_REFUSED @ http://localhost:4001/admin/@vite/client:1034
[  201045ms] [ERROR] WebSocket connection to 'ws://localhost:4001/admin/' failed: Error in connection establishment: net::ERR_CONNECTION_REFUSED @ http://localhost:4001/admin/@vite/client:1034
[  204386ms] [ERROR] WebSocket connection to 'ws://localhost:4001/admin/' failed: Error in connection establishment: net::ERR_CONNECTION_REFUSED @ http://localhost:4001/admin/@vite/client:1034
[  207370ms] [ERROR] WebSocket connection to 'ws://localhost:4001/admin/' failed: Error in connection establishment: net::ERR_CONNECTION_REFUSED @ http://localhost:4001/admin/@vite/client:1034
[  213281ms] [ERROR] WebSocket connection to 'ws://localhost:4001/admin/' failed: Error in connection establishment: net::ERR_CONNECTION_REFUSED @ http://localhost:4001/admin/@vite/client:1034
[  218628ms] [ERROR] WebSocket connection to 'ws://localhost:4001/admin/' failed: Error in connection establishment: net::ERR_CONNECTION_REFUSED @ http://localhost:4001/admin/@vite/client:1034
[  222200ms] [ERROR] WebSocket connection to 'ws://localhost:4001/admin/' failed: Error in connection establishment: net::ERR_CONNECTION_REFUSED @ http://localhost:4001/admin/@vite/client:1034
[  227617ms] [ERROR] WebSocket connection to 'ws://localhost:4001/admin/' failed: Error in connection establishment: net::ERR_CONNECTION_REFUSED @ http://localhost:4001/admin/@vite/client:1034
[  231326ms] [ERROR] WebSocket connection to 'ws://localhost:4001/admin/' failed: Error in connection establishment: net::ERR_CONNECTION_REFUSED @ http://localhost:4001/admin/@vite/client:1034
[  235723ms] [ERROR] WebSocket connection to 'ws://localhost:4001/admin/' failed: Error in connection establishment: net::ERR_CONNECTION_REFUSED @ http://localhost:4001/admin/@vite/client:1034
[  239585ms] [ERROR] WebSocket connection to 'ws://localhost:4001/admin/' failed: Error in connection establishment: net::ERR_CONNECTION_REFUSED @ http://localhost:4001/admin/@vite/client:1034
[  240585ms] [ERROR] WebSocket connection to 'ws://localhost:4001/admin/' failed: Error in connection establishment: net::ERR_CONNECTION_REFUSED @ http://localhost:4001/admin/@vite/client:1034
[  241586ms] [ERROR] WebSocket connection to 'ws://localhost:4001/admin/' failed: Error in connection establishment: net::ERR_CONNECTION_REFUSED @ http://localhost:4001/admin/@vite/client:1034
[  242587ms] [ERROR] WebSocket connection to 'ws://localhost:4001/admin/' failed: Error in connection establishment: net::ERR_CONNECTION_REFUSED @ http://localhost:4001/admin/@vite/client:1034
[  243588ms] [ERROR] WebSocket connection to 'ws://localhost:4001/admin/' failed: Error in connection establishment: net::ERR_CONNECTION_REFUSED @ http://localhost:4001/admin/@vite/client:1034
[  244591ms] [ERROR] WebSocket connection to 'ws://localhost:4001/admin/' failed: Error in connection establishment: net::ERR_CONNECTION_REFUSED @ http://localhost:4001/admin/@vite/client:1034
[  245595ms] [ERROR] WebSocket connection to 'ws://localhost:4001/admin/' failed: Error in connection establishment: net::ERR_CONNECTION_REFUSED @ http://localhost:4001/admin/@vite/client:1034
[  246603ms] [ERROR] WebSocket connection to 'ws://localhost:4001/admin/' failed: Error in connection establishment: net::ERR_CONNECTION_REFUSED @ http://localhost:4001/admin/@vite/client:1034
[  247619ms] [ERROR] WebSocket connection to 'ws://localhost:4001/admin/' failed: Error in connection establishment: net::ERR_CONNECTION_REFUSED @ http://localhost:4001/admin/@vite/client:1034
[  248648ms] [ERROR] WebSocket connection to 'ws://localhost:4001/admin/' failed: Error in connection establishment: net::ERR_CONNECTION_REFUSED @ http://localhost:4001/admin/@vite/client:1034
[  249704ms] [ERROR] WebSocket connection to 'ws://localhost:4001/admin/' failed: Error in connection establishment: net::ERR_CONNECTION_REFUSED @ http://localhost:4001/admin/@vite/client:1034
[  250738ms] [ERROR] WebSocket connection to 'ws://localhost:4001/admin/' failed: Error in connection establishment: net::ERR_CONNECTION_REFUSED @ http://localhost:4001/admin/@vite/client:1034
[  251870ms] [ERROR] WebSocket connection to 'ws://localhost:4001/admin/' failed: Error in connection establishment: net::ERR_CONNECTION_REFUSED @ http://localhost:4001/admin/@vite/client:1034
[  253090ms] [ERROR] WebSocket connection to 'ws://localhost:4001/admin/' failed: Error in connection establishment: net::ERR_CONNECTION_REFUSED @ http://localhost:4001/admin/@vite/client:1034
[  254441ms] [ERROR] WebSocket connection to 'ws://localhost:4001/admin/' failed: Error in connection establishment: net::ERR_CONNECTION_REFUSED @ http://localhost:4001/admin/@vite/client:1034
[  256042ms] [ERROR] WebSocket connection to 'ws://localhost:4001/admin/' failed: Error in connection establishment: net::ERR_CONNECTION_REFUSED @ http://localhost:4001/admin/@vite/client:1034
[  258111ms] [ERROR] WebSocket connection to 'ws://localhost:4001/admin/' failed: Error in connection establishment: net::ERR_CONNECTION_REFUSED @ http://localhost:4001/admin/@vite/client:1034
[  260315ms] [ERROR] WebSocket connection to 'ws://localhost:4001/admin/' failed: Error in connection establishment: net::ERR_CONNECTION_REFUSED @ http://localhost:4001/admin/@vite/client:1034
[  263473ms] [ERROR] WebSocket connection to 'ws://localhost:4001/admin/' failed: Error in connection establishment: net::ERR_CONNECTION_REFUSED @ http://localhost:4001/admin/@vite/client:1034
[  268581ms] [ERROR] WebSocket connection to 'ws://localhost:4001/admin/' failed: Error in connection establishment: net::ERR_CONNECTION_REFUSED @ http://localhost:4001/admin/@vite/client:1034
[  279646ms] [INFO] %cDownload the React DevTools for a better development experience: https://reactjs.org/link/react-devtools font-weight:bold @ http://localhost:4001/admin/node_modules/.vite/deps/chunk-B56I3BKX.js?v=890df5c1:21608
[  280019ms] [WARNING] ⚠️ React Router Future Flag Warning: React Router will begin wrapping state updates in `React.startTransition` in v7. You can use the `v7_startTransition` future flag to opt-in early. For more information, see https://reactrouter.com/v6/upgrading/future#v7_starttransition. @ http://localhost:4001/admin/node_modules/.vite/deps/chunk-LKRMPCH7.js?v=890df5c1:4416
[  280019ms] [WARNING] ⚠️ React Router Future Flag Warning: Relative route resolution within Splat routes is changing in v7. You can use the `v7_relativeSplatPath` future flag to opt-in early. For more information, see https://reactrouter.com/v6/upgrading/future#v7_relativesplatpath. @ http://localhost:4001/admin/node_modules/.vite/deps/chunk-LKRMPCH7.js?v=890df5c1:4416
